// Jest Snapshot v1, https://goo.gl/fbAQLP

exports[`<NotFound/> should render correctly 1`] = `
ShallowWrapper {
  "length": 1,
  Symbol(enzyme.__root__): [Circular],
  Symbol(enzyme.__unrendered__): <NotFound />,
  Symbol(enzyme.__renderer__): Object {
    "batchedUpdates": [Function],
    "getNode": [Function],
    "render": [Function],
    "simulateEvent": [Function],
    "unmount": [Function],
  },
  Symbol(enzyme.__node__): Object {
    "instance": null,
    "key": undefined,
    "nodeType": "host",
    "props": Object {
      "children": Array [
        <div
          className="logo"
        >
          <h4>
            IdeaBox
          </h4>
        </div>,
        <div
          className="col s12 flex-center"
        >
          <div
            className="center-align"
          >
            <div
              className="center-align centralize"
            >
              <h3
                className="white-text"
              >
                You\`re lost.
                <Link
                  replace={false}
                  to="/"
                >
                  Home
                </Link>
              </h3>
            </div>
          </div>
        </div>,
      ],
      "className": "container",
    },
    "ref": null,
    "rendered": Array [
      Object {
        "instance": null,
        "key": undefined,
        "nodeType": "host",
        "props": Object {
          "children": <h4>
            IdeaBox
          </h4>,
          "className": "logo",
        },
        "ref": null,
        "rendered": Object {
          "instance": null,
          "key": undefined,
          "nodeType": "host",
          "props": Object {
            "children": "IdeaBox",
          },
          "ref": null,
          "rendered": "IdeaBox",
          "type": "h4",
        },
        "type": "div",
      },
      Object {
        "instance": null,
        "key": undefined,
        "nodeType": "host",
        "props": Object {
          "children": <div
            className="center-align"
          >
            <div
              className="center-align centralize"
            >
              <h3
                className="white-text"
              >
                You\`re lost.
                <Link
                  replace={false}
                  to="/"
                >
                  Home
                </Link>
              </h3>
            </div>
          </div>,
          "className": "col s12 flex-center",
        },
        "ref": null,
        "rendered": Object {
          "instance": null,
          "key": undefined,
          "nodeType": "host",
          "props": Object {
            "children": <div
              className="center-align centralize"
            >
              <h3
                className="white-text"
              >
                You\`re lost.
                <Link
                  replace={false}
                  to="/"
                >
                  Home
                </Link>
              </h3>
            </div>,
            "className": "center-align",
          },
          "ref": null,
          "rendered": Object {
            "instance": null,
            "key": undefined,
            "nodeType": "host",
            "props": Object {
              "children": <h3
                className="white-text"
              >
                You\`re lost.
                <Link
                  replace={false}
                  to="/"
                >
                  Home
                </Link>
              </h3>,
              "className": "center-align centralize",
            },
            "ref": null,
            "rendered": Object {
              "instance": null,
              "key": undefined,
              "nodeType": "host",
              "props": Object {
                "children": Array [
                  "You\`re lost.",
                  <Link
                    replace={false}
                    to="/"
                  >
                    Home
                  </Link>,
                ],
                "className": "white-text",
              },
              "ref": null,
              "rendered": Array [
                "You\`re lost.",
                Object {
                  "instance": null,
                  "key": undefined,
                  "nodeType": "class",
                  "props": Object {
                    "children": "Home",
                    "replace": false,
                    "to": "/",
                  },
                  "ref": null,
                  "rendered": "Home",
                  "type": [Function],
                },
              ],
              "type": "h3",
            },
            "type": "div",
          },
          "type": "div",
        },
        "type": "div",
      },
    ],
    "type": "div",
  },
  Symbol(enzyme.__nodes__): Array [
    Object {
      "instance": null,
      "key": undefined,
      "nodeType": "host",
      "props": Object {
        "children": Array [
          <div
            className="logo"
          >
            <h4>
              IdeaBox
            </h4>
          </div>,
          <div
            className="col s12 flex-center"
          >
            <div
              className="center-align"
            >
              <div
                className="center-align centralize"
              >
                <h3
                  className="white-text"
                >
                  You\`re lost.
                  <Link
                    replace={false}
                    to="/"
                  >
                    Home
                  </Link>
                </h3>
              </div>
            </div>
          </div>,
        ],
        "className": "container",
      },
      "ref": null,
      "rendered": Array [
        Object {
          "instance": null,
          "key": undefined,
          "nodeType": "host",
          "props": Object {
            "children": <h4>
              IdeaBox
            </h4>,
            "className": "logo",
          },
          "ref": null,
          "rendered": Object {
            "instance": null,
            "key": undefined,
            "nodeType": "host",
            "props": Object {
              "children": "IdeaBox",
            },
            "ref": null,
            "rendered": "IdeaBox",
            "type": "h4",
          },
          "type": "div",
        },
        Object {
          "instance": null,
          "key": undefined,
          "nodeType": "host",
          "props": Object {
            "children": <div
              className="center-align"
            >
              <div
                className="center-align centralize"
              >
                <h3
                  className="white-text"
                >
                  You\`re lost.
                  <Link
                    replace={false}
                    to="/"
                  >
                    Home
                  </Link>
                </h3>
              </div>
            </div>,
            "className": "col s12 flex-center",
          },
          "ref": null,
          "rendered": Object {
            "instance": null,
            "key": undefined,
            "nodeType": "host",
            "props": Object {
              "children": <div
                className="center-align centralize"
              >
                <h3
                  className="white-text"
                >
                  You\`re lost.
                  <Link
                    replace={false}
                    to="/"
                  >
                    Home
                  </Link>
                </h3>
              </div>,
              "className": "center-align",
            },
            "ref": null,
            "rendered": Object {
              "instance": null,
              "key": undefined,
              "nodeType": "host",
              "props": Object {
                "children": <h3
                  className="white-text"
                >
                  You\`re lost.
                  <Link
                    replace={false}
                    to="/"
                  >
                    Home
                  </Link>
                </h3>,
                "className": "center-align centralize",
              },
              "ref": null,
              "rendered": Object {
                "instance": null,
                "key": undefined,
                "nodeType": "host",
                "props": Object {
                  "children": Array [
                    "You\`re lost.",
                    <Link
                      replace={false}
                      to="/"
                    >
                      Home
                    </Link>,
                  ],
                  "className": "white-text",
                },
                "ref": null,
                "rendered": Array [
                  "You\`re lost.",
                  Object {
                    "instance": null,
                    "key": undefined,
                    "nodeType": "class",
                    "props": Object {
                      "children": "Home",
                      "replace": false,
                      "to": "/",
                    },
                    "ref": null,
                    "rendered": "Home",
                    "type": [Function],
                  },
                ],
                "type": "h3",
              },
              "type": "div",
            },
            "type": "div",
          },
          "type": "div",
        },
      ],
      "type": "div",
    },
  ],
  Symbol(enzyme.__options__): Object {
    "adapter": ReactSixteenAdapter {
      "options": Object {
        "enableComponentDidUpdateOnSetState": true,
      },
    },
  },
}
`;
